// Jest Snapshot v1, https://goo.gl/fbAQLP

exports[`Prueba en <GifGrid /> Debe de mostrarse bien  1`] = `
<Fragment>
  <h3
    className="animate__animated animate__fadeIn"
  >
     
    dragon ball
     
  </h3>
  <p
    className="animate__animated animate__flash"
  >
     Loading... 
  </p>
  <div
    className="card-grid"
  />
</Fragment>
`;
